<html>
<body>
<pre>
<h1>µVision Build Log</h1>
<h2>Tool Versions:</h2>
IDE-Version: µVision V5.26.2.0
Copyright (C) 2018 ARM Ltd and ARM Germany GmbH. All rights reserved.
License Information: Chelsea Chantele A Jaculina, San Jose State University, LIC=----
 
Tool Versions:
Toolchain:       MDK-Lite  Version: 5.26.2.0
Toolchain Path:  C:\Keil_v5\ARM\ARMCC\Bin
C Compiler:      Armcc.exe V5.06 update 6 (build 750)
Assembler:       Armasm.exe V5.06 update 6 (build 750)
Linker/Locator:  ArmLink.exe V5.06 update 6 (build 750)
Library Manager: ArmAr.exe V5.06 update 6 (build 750)
Hex Converter:   FromElf.exe V5.06 update 6 (build 750)
CPU DLL:         SARMCM3.DLL V5.26.2.0
Dialog DLL:      DCM.DLL V1.17.2.0
Target DLL:      lmidk-agdi.dll V???
Dialog DLL:      TCM.DLL V1.36.1.0
 
<h2>Project:</h2>
C:\ti\TivaWare_C_Series-2.1.4.178\examples\boards\my_projects\tm4c123gh6pm_ultrasonic_lcd\ultrasonic_sensor.uvproj
Project File Date:  05/08/2019

<h2>Output:</h2>
*** Using Compiler 'V5.06 update 6 (build 750)', folder: 'C:\Keil_v5\ARM\ARMCC\Bin'
Rebuild target 'Target 1'
assembling startup_TM4C123.s...
compiling main.c...
main.c(94): warning:  #177-D: variable "iter"  was declared but never referenced
      uint8_t iter;
main.c(157): warning:  #223-D: function "uart_send" declared implicitly
                                        uart_send(strlen(chArrayDistance),chArrayDistance);
main.c(157): warning:  #223-D: function "strlen" declared implicitly
                                        uart_send(strlen(chArrayDistance),chArrayDistance);
main.c(164): warning:  #177-D: variable "iter"  was declared but never referenced
          uint8_t iter;
main.c: 4 warnings, 0 errors
compiling LCD.c...
compiling UART.c...
UART.c(37): warning:  #1-D: last line of file ends without a newline
  }
UART.c: 1 warning, 0 errors
compiling distance.c...
compiling PWM.c...
linking...
Program Size: Code=4516 RO-data=1448 RW-data=36 ZI-data=356  
".\Objects\ultrasonic_sensor.axf" - 0 Error(s), 5 Warning(s).
Build Time Elapsed:  00:00:03
</pre>
</body>
</html>
